// Jest Snapshot v1, https://goo.gl/fbAQLP

exports[`ConfirmationStep renders correctly 1`] = `
<div>
  <button
    class="button md solid c-primary fluid maxWidth-96 marginTop-2 marginRight-auto marginLeft-auto"
    type="button"
  >
    Save
  </button>
  <div
    class="confirmWrapper borderTop borderRight borderBottom borderLeft rounded-xl marginTop-10"
  >
    <div
      class=""
    >
      <div
        class="confirmItem justifyContent-space-between paddingTop-5 paddingBottom-5"
      >
        <div
          class="textAlign-left"
        >
          <div
            class="paddingBottom-4 fontSize-xl fontWeight-700"
          >
            Car Wash Attendant
          </div>
          <p
            class="text fontWeight-700"
          >
            Starting wage is $13 per hour + tips, with an Employer Bonus after positive a 90 Day Review (provided by the employer)
          </p>
        </div>
        <div
          class="confirmItemEdit justifyContent-flex-end"
        >
          <button
            class="button md text c-primary color-primary"
            type="button"
          >
            <span
              aria-hidden="true"
              class="accessoryLeft"
            >
              <svg
                aria-hidden="true"
                class="icon"
                focusable="false"
                stroke-width="2"
                viewBox="0 0 24 24"
              >
                <path
                  d="M0 0h24v24H0z"
                  stroke="none"
                />
                <path
                  d="M4 20h4L18.5 9.5a2.828 2.828 0 10-4-4L4 16v4M13.5 6.5l4 4"
                />
              </svg>
            </span>
            Edit
          </button>
        </div>
      </div>
      <div
        class="confirmItem justifyContent-space-between paddingTop-5 paddingBottom-5"
      >
        <div
          class="textAlign-left"
        >
          <div
            class="container spacing-4 flexDirection-row flexWrap-wrap"
          >
            <div
              class="item"
            >
              <div
                class=""
              >
                <div
                  class="detailBadge color-primary alignItems-center flexDirection-row display-flex paddingRight-4 paddingLeft-4"
                >
                  <svg
                    aria-hidden="true"
                    class="icon"
                    focusable="false"
                    stroke-width="2"
                    viewBox="0 0 24 24"
                  >
                    <path
                      d="M0 0h24v24H0z"
                      stroke="none"
                    />
                    <path
                      d="M5 7a4 4 0 108 0 4 4 0 10-8 0M3 21v-2a4 4 0 014-4h4a4 4 0 014 4v2M16 3.13a4 4 0 010 7.75M21 21v-2a4 4 0 00-3-3.85"
                    />
                  </svg>
                  <p
                    class="text marginLeft-2"
                  >
                    Customer Service
                  </p>
                </div>
              </div>
            </div>
            <div
              class="item"
            >
              <div
                class=""
              >
                <div
                  class="detailBadge color-primary alignItems-center flexDirection-row display-flex paddingRight-4 paddingLeft-4"
                >
                  <svg
                    aria-hidden="true"
                    class="icon"
                    focusable="false"
                    stroke-width="2"
                    viewBox="0 0 24 24"
                  >
                    <path
                      d="M0 0h24v24H0z"
                      stroke="none"
                    />
                    <path
                      d="M4 7a2 2 0 012-2h12a2 2 0 012 2v12a2 2 0 01-2 2H6a2 2 0 01-2-2zM16 3v4M8 3v4M4 11h16"
                    />
                    <path
                      d="M8 15h2v2H8z"
                    />
                  </svg>
                  <p
                    class="text marginLeft-2"
                  >
                    From Feb. 2022
                  </p>
                </div>
              </div>
            </div>
            <div
              class="item"
            >
              <div
                class=""
              >
                <div
                  class="detailBadge color-primary alignItems-center flexDirection-row display-flex paddingRight-4 paddingLeft-4"
                >
                  <svg
                    aria-hidden="true"
                    class="icon"
                    focusable="false"
                    stroke-width="2"
                    viewBox="0 0 24 24"
                  >
                    <path
                      d="M0 0h24v24H0z"
                      stroke="none"
                    />
                    <path
                      d="M16.7 8A3 3 0 0014 6h-4a3 3 0 000 6h4a3 3 0 010 6h-4a3 3 0 01-2.7-2M12 3v3m0 12v3"
                    />
                  </svg>
                  <p
                    class="text marginLeft-2"
                  >
                    $15 - $30/hour
                  </p>
                </div>
              </div>
            </div>
            <div
              class="item"
            >
              <div
                class=""
              >
                <div
                  class="detailBadge color-primary alignItems-center flexDirection-row display-flex paddingRight-4 paddingLeft-4"
                >
                  <svg
                    aria-hidden="true"
                    class="icon"
                    focusable="false"
                    stroke-width="2"
                    viewBox="0 0 24 24"
                  >
                    <path
                      d="M0 0h24v24H0z"
                      stroke="none"
                    />
                    <path
                      d="M3 12a9 9 0 1018 0 9 9 0 00-18 0M12 9h.01"
                    />
                    <path
                      d="M11 12h1v4h1"
                    />
                  </svg>
                  <p
                    class="text marginLeft-2"
                  >
                    Hybrid
                  </p>
                </div>
              </div>
            </div>
            <div
              class="item"
            >
              <div
                class=""
              >
                <div
                  class="detailBadge color-primary alignItems-center flexDirection-row display-flex paddingRight-4 paddingLeft-4"
                >
                  <svg
                    aria-hidden="true"
                    class="icon"
                    focusable="false"
                    stroke-width="2"
                    viewBox="0 0 24 24"
                  >
                    <path
                      d="M0 0h24v24H0z"
                      stroke="none"
                    />
                    <path
                      d="M3 12a9 9 0 1018 0 9 9 0 00-18 0"
                    />
                    <path
                      d="M12 7v5l3 3"
                    />
                  </svg>
                  <p
                    class="text marginLeft-2"
                  >
                    Full-time
                  </p>
                </div>
              </div>
            </div>
            <div
              class="item"
            >
              <div
                class=""
              >
                <div
                  class="detailBadge color-primary alignItems-center flexDirection-row display-flex paddingRight-4 paddingLeft-4"
                >
                  <svg
                    aria-hidden="true"
                    class="icon"
                    focusable="false"
                    stroke-width="2"
                    viewBox="0 0 24 24"
                  >
                    <path
                      d="M0 0h24v24H0z"
                      stroke="none"
                    />
                    <path
                      d="M12 17.75l-6.172 3.245 1.179-6.873-5-4.867 6.9-1 3.086-6.253 3.086 6.253 6.9 1-5 4.867 1.179 6.873z"
                    />
                  </svg>
                  <p
                    class="text marginLeft-2"
                  >
                    Experience: MID
                  </p>
                </div>
              </div>
            </div>
          </div>
        </div>
        <div
          class="confirmItemEdit justifyContent-flex-end"
        >
          <button
            class="button md text c-primary color-primary"
            type="button"
          >
            <span
              aria-hidden="true"
              class="accessoryLeft"
            >
              <svg
                aria-hidden="true"
                class="icon"
                focusable="false"
                stroke-width="2"
                viewBox="0 0 24 24"
              >
                <path
                  d="M0 0h24v24H0z"
                  stroke="none"
                />
                <path
                  d="M4 20h4L18.5 9.5a2.828 2.828 0 10-4-4L4 16v4M13.5 6.5l4 4"
                />
              </svg>
            </span>
            Edit
          </button>
        </div>
      </div>
      <div
        class="confirmItem justifyContent-space-between paddingTop-5 paddingBottom-5"
      >
        <div
          class="textAlign-left"
        >
          <div
            class="paddingBottom-4 fontSize-xl fontWeight-700"
          >
            Responsibilities & Expectations
          </div>
          <div
            class="container spacing-4 flexDirection-column"
          />
        </div>
        <div
          class="confirmItemEdit justifyContent-flex-end"
        >
          <button
            class="button md text c-primary color-primary"
            type="button"
          >
            <span
              aria-hidden="true"
              class="accessoryLeft"
            >
              <svg
                aria-hidden="true"
                class="icon"
                focusable="false"
                stroke-width="2"
                viewBox="0 0 24 24"
              >
                <path
                  d="M0 0h24v24H0z"
                  stroke="none"
                />
                <path
                  d="M4 20h4L18.5 9.5a2.828 2.828 0 10-4-4L4 16v4M13.5 6.5l4 4"
                />
              </svg>
            </span>
            Edit
          </button>
        </div>
      </div>
      <div
        class="confirmItem justifyContent-space-between paddingTop-5 paddingBottom-5"
      >
        <div
          class="textAlign-left"
        >
          <div
            class="paddingBottom-4 fontSize-xl fontWeight-700"
          >
            <div
              class="skillsTitle"
            >
              <p
                class="text skillsTitleText marginRight-4"
              >
                Skills & Experience
              </p>
              <div
                class="alignItems-center flexDirection-row display-flex"
              >
                <p
                  class="text marginRight-2 fontSize-xs fontWeight-700"
                >
                  MID
                </p>
                <div
                  class="rounded-3xl bgcolor-primary width-4 height-4 marginRight-1"
                />
                <div
                  class="rounded-3xl bgcolor-primary width-4 height-4 marginRight-1"
                />
                <div
                  class="rounded-3xl bgcolor-primary width-4 height-4 marginRight-1"
                />
                <div
                  class="rounded-3xl bgcolor-grey-200 width-4 height-4 marginRight-1"
                />
                <div
                  class="rounded-3xl bgcolor-grey-200 width-4 height-4 marginRight-1"
                />
              </div>
            </div>
          </div>
          <p
            class="text"
          >
            The most successful and happy people have PMA – a Positive Mental Attitude! We are a huge believer in putting attitude above aptitude. We can always teach you how to do the job, but we can't teach a Positive Mental Attitude... You either have it or you don't!
          </p>
        </div>
        <div
          class="confirmItemEdit justifyContent-flex-end"
        >
          <button
            class="button md text c-primary color-primary"
            type="button"
          >
            <span
              aria-hidden="true"
              class="accessoryLeft"
            >
              <svg
                aria-hidden="true"
                class="icon"
                focusable="false"
                stroke-width="2"
                viewBox="0 0 24 24"
              >
                <path
                  d="M0 0h24v24H0z"
                  stroke="none"
                />
                <path
                  d="M4 20h4L18.5 9.5a2.828 2.828 0 10-4-4L4 16v4M13.5 6.5l4 4"
                />
              </svg>
            </span>
            Edit
          </button>
        </div>
      </div>
      <div
        class="confirmItem justifyContent-space-between paddingTop-5 paddingBottom-5"
      >
        <div
          class="textAlign-left"
        >
          <div
            class="paddingBottom-4 fontSize-xl fontWeight-700"
          >
            Pay & Benefits
          </div>
          <div
            class="flexDirection-row"
          >
            <svg
              aria-hidden="true"
              class="icon color-primary width-6 height-6 marginRight-4"
              focusable="false"
              stroke-width="2"
              viewBox="0 0 24 24"
            >
              <path
                d="M0 0h24v24H0z"
                stroke="none"
              />
              <path
                d="M16.7 8A3 3 0 0014 6h-4a3 3 0 000 6h4a3 3 0 010 6h-4a3 3 0 01-2.7-2M12 3v3m0 12v3"
              />
            </svg>
            <p
              class="text fontWeight-700"
            />
          </div>
          <div
            class="container spacing-4 flexDirection-column marginTop-1"
          >
            <div
              class="item flexDirection-row"
            >
              <svg
                aria-hidden="true"
                class="icon color-primary width-6 height-6 marginRight-4"
                focusable="false"
                stroke-width="2"
                viewBox="0 0 24 24"
              >
                <path
                  d="M0 0h24v24H0z"
                  stroke="none"
                />
                <path
                  d="M5 12l5 5L20 7"
                />
              </svg>
              <p
                class="text"
              >
                Additional $100 Bonus for Positive 90 Day Review
              </p>
            </div>
          </div>
        </div>
        <div
          class="confirmItemEdit justifyContent-flex-end"
        >
          <button
            class="button md text c-primary color-primary"
            type="button"
          >
            <span
              aria-hidden="true"
              class="accessoryLeft"
            >
              <svg
                aria-hidden="true"
                class="icon"
                focusable="false"
                stroke-width="2"
                viewBox="0 0 24 24"
              >
                <path
                  d="M0 0h24v24H0z"
                  stroke="none"
                />
                <path
                  d="M4 20h4L18.5 9.5a2.828 2.828 0 10-4-4L4 16v4M13.5 6.5l4 4"
                />
              </svg>
            </span>
            Edit
          </button>
        </div>
      </div>
    </div>
  </div>
</div>
`;
