// Jest Snapshot v1, https://goo.gl/fbAQLP

exports[`ForgotPasswordPage handles submission 1`] = `
<div>
  <h1
    class="text marginBottom-2-5 font-h2"
  >
    Check your email
  </h1>
  <p
    class="text marginBottom-10"
  >
    We have sent an email to 
    email@email.com
    . Click the link in the email to reset your password. If you don't see the email, check your junk, social or other folders.
  </p>
  <button
    class="button md text c-primary"
    type="button"
  >
    I didn't receive an email.
  </button>
</div>
`;

exports[`ForgotPasswordPage renders correctly 1`] = `
<div>
  <h1
    class="text marginBottom-2-5 font-h2"
  >
    Forgot Password
  </h1>
  <p
    class="text marginBottom-10"
  >
    Enter the email address associated with the account.
  </p>
  <form>
    <div
      class="control"
      role="group"
    >
      <label
        class="label"
        for=":r0:"
      >
        Email
      </label>
      <div
        class="root primary md fluid md"
      >
        <input
          class="input"
          id=":r0:"
          name="username"
          placeholder="Your email address"
          type="email"
          value=""
        />
      </div>
    </div>
    <button
      class="button md solid c-primary disabled fluid marginTop-10"
      disabled=""
      type="submit"
    >
      Send password reset
    </button>
  </form>
</div>
`;
