// Jest Snapshot v1, https://goo.gl/fbAQLP

exports[`VpcStack creates VPC 1`] = `
"{
  "Resources": {
    "VPCB9E5F0B4": {
      "Type": "AWS::EC2::VPC",
      "Properties": {
        "CidrBlock": "10.0.0.0/16",
        "EnableDnsHostnames": true,
        "EnableDnsSupport": true,
        "InstanceTenancy": "default",
        "Tags": [
          {
            "Key": "Name",
            "Value": "VpcStack/VPC"
          }
        ]
      }
    },
    "VPCPublicSubnet1SubnetB4246D30": {
      "Type": "AWS::EC2::Subnet",
      "Properties": {
        "AvailabilityZone": "dummy1a",
        "CidrBlock": "10.0.0.0/18",
        "MapPublicIpOnLaunch": true,
        "Tags": [
          {
            "Key": "aws-cdk:subnet-name",
            "Value": "Public"
          },
          {
            "Key": "aws-cdk:subnet-type",
            "Value": "Public"
          },
          {
            "Key": "Name",
            "Value": "VpcStack/VPC/PublicSubnet1"
          }
        ],
        "VpcId": {
          "Ref": "VPCB9E5F0B4"
        }
      }
    },
    "VPCPublicSubnet1RouteTableFEE4B781": {
      "Type": "AWS::EC2::RouteTable",
      "Properties": {
        "Tags": [
          {
            "Key": "Name",
            "Value": "VpcStack/VPC/PublicSubnet1"
          }
        ],
        "VpcId": {
          "Ref": "VPCB9E5F0B4"
        }
      }
    },
    "VPCPublicSubnet1RouteTableAssociation0B0896DC": {
      "Type": "AWS::EC2::SubnetRouteTableAssociation",
      "Properties": {
        "RouteTableId": {
          "Ref": "VPCPublicSubnet1RouteTableFEE4B781"
        },
        "SubnetId": {
          "Ref": "VPCPublicSubnet1SubnetB4246D30"
        }
      }
    },
    "VPCPublicSubnet1DefaultRoute91CEF279": {
      "Type": "AWS::EC2::Route",
      "Properties": {
        "DestinationCidrBlock": "0.0.0.0/0",
        "GatewayId": {
          "Ref": "VPCIGWB7E252D3"
        },
        "RouteTableId": {
          "Ref": "VPCPublicSubnet1RouteTableFEE4B781"
        }
      },
      "DependsOn": [
        "VPCVPCGW99B986DC"
      ]
    },
    "VPCPublicSubnet1EIP6AD938E8": {
      "Type": "AWS::EC2::EIP",
      "Properties": {
        "Domain": "vpc",
        "Tags": [
          {
            "Key": "Name",
            "Value": "VpcStack/VPC/PublicSubnet1"
          }
        ]
      }
    },
    "VPCPublicSubnet1NATGatewayE0556630": {
      "Type": "AWS::EC2::NatGateway",
      "Properties": {
        "AllocationId": {
          "Fn::GetAtt": [
            "VPCPublicSubnet1EIP6AD938E8",
            "AllocationId"
          ]
        },
        "SubnetId": {
          "Ref": "VPCPublicSubnet1SubnetB4246D30"
        },
        "Tags": [
          {
            "Key": "Name",
            "Value": "VpcStack/VPC/PublicSubnet1"
          }
        ]
      },
      "DependsOn": [
        "VPCPublicSubnet1DefaultRoute91CEF279",
        "VPCPublicSubnet1RouteTableAssociation0B0896DC"
      ]
    },
    "VPCPublicSubnet2Subnet74179F39": {
      "Type": "AWS::EC2::Subnet",
      "Properties": {
        "AvailabilityZone": "dummy1b",
        "CidrBlock": "10.0.64.0/18",
        "MapPublicIpOnLaunch": true,
        "Tags": [
          {
            "Key": "aws-cdk:subnet-name",
            "Value": "Public"
          },
          {
            "Key": "aws-cdk:subnet-type",
            "Value": "Public"
          },
          {
            "Key": "Name",
            "Value": "VpcStack/VPC/PublicSubnet2"
          }
        ],
        "VpcId": {
          "Ref": "VPCB9E5F0B4"
        }
      }
    },
    "VPCPublicSubnet2RouteTable6F1A15F1": {
      "Type": "AWS::EC2::RouteTable",
      "Properties": {
        "Tags": [
          {
            "Key": "Name",
            "Value": "VpcStack/VPC/PublicSubnet2"
          }
        ],
        "VpcId": {
          "Ref": "VPCB9E5F0B4"
        }
      }
    },
    "VPCPublicSubnet2RouteTableAssociation5A808732": {
      "Type": "AWS::EC2::SubnetRouteTableAssociation",
      "Properties": {
        "RouteTableId": {
          "Ref": "VPCPublicSubnet2RouteTable6F1A15F1"
        },
        "SubnetId": {
          "Ref": "VPCPublicSubnet2Subnet74179F39"
        }
      }
    },
    "VPCPublicSubnet2DefaultRouteB7481BBA": {
      "Type": "AWS::EC2::Route",
      "Properties": {
        "DestinationCidrBlock": "0.0.0.0/0",
        "GatewayId": {
          "Ref": "VPCIGWB7E252D3"
        },
        "RouteTableId": {
          "Ref": "VPCPublicSubnet2RouteTable6F1A15F1"
        }
      },
      "DependsOn": [
        "VPCVPCGW99B986DC"
      ]
    },
    "VPCPublicSubnet2EIP4947BC00": {
      "Type": "AWS::EC2::EIP",
      "Properties": {
        "Domain": "vpc",
        "Tags": [
          {
            "Key": "Name",
            "Value": "VpcStack/VPC/PublicSubnet2"
          }
        ]
      }
    },
    "VPCPublicSubnet2NATGateway3C070193": {
      "Type": "AWS::EC2::NatGateway",
      "Properties": {
        "AllocationId": {
          "Fn::GetAtt": [
            "VPCPublicSubnet2EIP4947BC00",
            "AllocationId"
          ]
        },
        "SubnetId": {
          "Ref": "VPCPublicSubnet2Subnet74179F39"
        },
        "Tags": [
          {
            "Key": "Name",
            "Value": "VpcStack/VPC/PublicSubnet2"
          }
        ]
      },
      "DependsOn": [
        "VPCPublicSubnet2DefaultRouteB7481BBA",
        "VPCPublicSubnet2RouteTableAssociation5A808732"
      ]
    },
    "VPCPrivateSubnet1Subnet8BCA10E0": {
      "Type": "AWS::EC2::Subnet",
      "Properties": {
        "AvailabilityZone": "dummy1a",
        "CidrBlock": "10.0.128.0/18",
        "MapPublicIpOnLaunch": false,
        "Tags": [
          {
            "Key": "aws-cdk:subnet-name",
            "Value": "Private"
          },
          {
            "Key": "aws-cdk:subnet-type",
            "Value": "Private"
          },
          {
            "Key": "Name",
            "Value": "VpcStack/VPC/PrivateSubnet1"
          }
        ],
        "VpcId": {
          "Ref": "VPCB9E5F0B4"
        }
      }
    },
    "VPCPrivateSubnet1RouteTableBE8A6027": {
      "Type": "AWS::EC2::RouteTable",
      "Properties": {
        "Tags": [
          {
            "Key": "Name",
            "Value": "VpcStack/VPC/PrivateSubnet1"
          }
        ],
        "VpcId": {
          "Ref": "VPCB9E5F0B4"
        }
      }
    },
    "VPCPrivateSubnet1RouteTableAssociation347902D1": {
      "Type": "AWS::EC2::SubnetRouteTableAssociation",
      "Properties": {
        "RouteTableId": {
          "Ref": "VPCPrivateSubnet1RouteTableBE8A6027"
        },
        "SubnetId": {
          "Ref": "VPCPrivateSubnet1Subnet8BCA10E0"
        }
      }
    },
    "VPCPrivateSubnet1DefaultRouteAE1D6490": {
      "Type": "AWS::EC2::Route",
      "Properties": {
        "DestinationCidrBlock": "0.0.0.0/0",
        "NatGatewayId": {
          "Ref": "VPCPublicSubnet1NATGatewayE0556630"
        },
        "RouteTableId": {
          "Ref": "VPCPrivateSubnet1RouteTableBE8A6027"
        }
      }
    },
    "VPCPrivateSubnet2SubnetCFCDAA7A": {
      "Type": "AWS::EC2::Subnet",
      "Properties": {
        "AvailabilityZone": "dummy1b",
        "CidrBlock": "10.0.192.0/18",
        "MapPublicIpOnLaunch": false,
        "Tags": [
          {
            "Key": "aws-cdk:subnet-name",
            "Value": "Private"
          },
          {
            "Key": "aws-cdk:subnet-type",
            "Value": "Private"
          },
          {
            "Key": "Name",
            "Value": "VpcStack/VPC/PrivateSubnet2"
          }
        ],
        "VpcId": {
          "Ref": "VPCB9E5F0B4"
        }
      }
    },
    "VPCPrivateSubnet2RouteTable0A19E10E": {
      "Type": "AWS::EC2::RouteTable",
      "Properties": {
        "Tags": [
          {
            "Key": "Name",
            "Value": "VpcStack/VPC/PrivateSubnet2"
          }
        ],
        "VpcId": {
          "Ref": "VPCB9E5F0B4"
        }
      }
    },
    "VPCPrivateSubnet2RouteTableAssociation0C73D413": {
      "Type": "AWS::EC2::SubnetRouteTableAssociation",
      "Properties": {
        "RouteTableId": {
          "Ref": "VPCPrivateSubnet2RouteTable0A19E10E"
        },
        "SubnetId": {
          "Ref": "VPCPrivateSubnet2SubnetCFCDAA7A"
        }
      }
    },
    "VPCPrivateSubnet2DefaultRouteF4F5CFD2": {
      "Type": "AWS::EC2::Route",
      "Properties": {
        "DestinationCidrBlock": "0.0.0.0/0",
        "NatGatewayId": {
          "Ref": "VPCPublicSubnet2NATGateway3C070193"
        },
        "RouteTableId": {
          "Ref": "VPCPrivateSubnet2RouteTable0A19E10E"
        }
      }
    },
    "VPCIGWB7E252D3": {
      "Type": "AWS::EC2::InternetGateway",
      "Properties": {
        "Tags": [
          {
            "Key": "Name",
            "Value": "VpcStack/VPC"
          }
        ]
      }
    },
    "VPCVPCGW99B986DC": {
      "Type": "AWS::EC2::VPCGatewayAttachment",
      "Properties": {
        "InternetGatewayId": {
          "Ref": "VPCIGWB7E252D3"
        },
        "VpcId": {
          "Ref": "VPCB9E5F0B4"
        }
      }
    },
    "VPCS3CC6C5EE4": {
      "Type": "AWS::EC2::VPCEndpoint",
      "Properties": {
        "RouteTableIds": [
          {
            "Ref": "VPCPrivateSubnet1RouteTableBE8A6027"
          },
          {
            "Ref": "VPCPrivateSubnet2RouteTable0A19E10E"
          },
          {
            "Ref": "VPCPublicSubnet1RouteTableFEE4B781"
          },
          {
            "Ref": "VPCPublicSubnet2RouteTable6F1A15F1"
          }
        ],
        "ServiceName": {
          "Fn::Join": [
            "",
            [
              "com.amazonaws.",
              {
                "Ref": "AWS::Region"
              },
              ".s3"
            ]
          ]
        },
        "VpcEndpointType": "Gateway",
        "VpcId": {
          "Ref": "VPCB9E5F0B4"
        }
      }
    },
    "LB8A12904C": {
      "Type": "AWS::ElasticLoadBalancingV2::LoadBalancer",
      "Properties": {
        "LoadBalancerAttributes": [
          {
            "Key": "deletion_protection.enabled",
            "Value": "false"
          }
        ],
        "Scheme": "internet-facing",
        "SecurityGroups": [
          {
            "Fn::GetAtt": [
              "LBSecurityGroup8A41EA2B",
              "GroupId"
            ]
          }
        ],
        "Subnets": [
          {
            "Ref": "VPCPublicSubnet1SubnetB4246D30"
          },
          {
            "Ref": "VPCPublicSubnet2Subnet74179F39"
          }
        ],
        "Type": "application"
      },
      "DependsOn": [
        "VPCPublicSubnet1DefaultRoute91CEF279",
        "VPCPublicSubnet1RouteTableAssociation0B0896DC",
        "VPCPublicSubnet2DefaultRouteB7481BBA",
        "VPCPublicSubnet2RouteTableAssociation5A808732"
      ]
    },
    "LBSecurityGroup8A41EA2B": {
      "Type": "AWS::EC2::SecurityGroup",
      "Properties": {
        "GroupDescription": "Automatically created Security Group for ELB VpcStackLB5ADBA325",
        "SecurityGroupEgress": [
          {
            "CidrIp": "255.255.255.255/32",
            "Description": "Disallow all traffic",
            "FromPort": 252,
            "IpProtocol": "icmp",
            "ToPort": 86
          }
        ],
        "SecurityGroupIngress": [
          {
            "CidrIp": "0.0.0.0/0",
            "Description": "Allow from anyone on port 443",
            "FromPort": 443,
            "IpProtocol": "tcp",
            "ToPort": 443
          },
          {
            "CidrIp": "0.0.0.0/0",
            "Description": "Allow from anyone on port 80",
            "FromPort": 80,
            "IpProtocol": "tcp",
            "ToPort": 80
          }
        ],
        "VpcId": {
          "Ref": "VPCB9E5F0B4"
        }
      }
    },
    "LBListener49E825B4": {
      "Type": "AWS::ElasticLoadBalancingV2::Listener",
      "Properties": {
        "Certificates": [
          {
            "CertificateArn": {
              "Ref": "LBCertificate7DECB08F"
            }
          }
        ],
        "DefaultActions": [
          {
            "FixedResponseConfig": {
              "ContentType": "application/json",
              "MessageBody": "{\\"status\\":403,\\"code\\":\\"AccessDenied\\",\\"error\\":\\"Access denied\\"}",
              "StatusCode": "403"
            },
            "Type": "fixed-response"
          }
        ],
        "LoadBalancerArn": {
          "Ref": "LB8A12904C"
        },
        "Port": 443,
        "Protocol": "HTTPS"
      }
    },
    "LBCertificate7DECB08F": {
      "Type": "AWS::CertificateManager::Certificate",
      "Properties": {
        "DomainName": "origin.example.com",
        "DomainValidationOptions": [
          {
            "DomainName": "origin.example.com",
            "HostedZoneId": "DUMMY"
          }
        ],
        "Tags": [
          {
            "Key": "Name",
            "Value": "VpcStack/LB/Certificate"
          }
        ],
        "ValidationMethod": "DNS"
      }
    },
    "LBRedirectListenerC139620A": {
      "Type": "AWS::ElasticLoadBalancingV2::Listener",
      "Properties": {
        "DefaultActions": [
          {
            "RedirectConfig": {
              "Port": "443",
              "Protocol": "HTTPS",
              "StatusCode": "HTTP_301"
            },
            "Type": "redirect"
          }
        ],
        "LoadBalancerArn": {
          "Ref": "LB8A12904C"
        },
        "Port": 80,
        "Protocol": "HTTP"
      }
    },
    "LBDNS5BB6478B": {
      "Type": "AWS::Route53::RecordSet",
      "Properties": {
        "AliasTarget": {
          "DNSName": {
            "Fn::Join": [
              "",
              [
                "dualstack.",
                {
                  "Fn::GetAtt": [
                    "LB8A12904C",
                    "DNSName"
                  ]
                }
              ]
            ]
          },
          "HostedZoneId": {
            "Fn::GetAtt": [
              "LB8A12904C",
              "CanonicalHostedZoneID"
            ]
          }
        },
        "HostedZoneId": "DUMMY",
        "Name": "origin.example.com.",
        "Type": "A"
      }
    }
  },
  "Outputs": {
    "LBLoadBalancerDNS5DD5A221": {
      "Value": {
        "Fn::GetAtt": [
          "LB8A12904C",
          "DNSName"
        ]
      }
    },
    "LBLoadBalancerURL702FC46A": {
      "Value": {
        "Fn::Join": [
          "",
          [
            "https://",
            {
              "Ref": "LBDNS5BB6478B"
            }
          ]
        ]
      }
    }
  },
  "Parameters": {
    "BootstrapVersion": {
      "Type": "AWS::SSM::Parameter::Value<String>",
      "Default": "/cdk-bootstrap/hnb659fds/version",
      "Description": "Version of the CDK Bootstrap resources in this environment, automatically retrieved from SSM Parameter Store. [cdk:skip]"
    }
  },
  "Rules": {
    "CheckBootstrapVersion": {
      "Assertions": [
        {
          "Assert": {
            "Fn::Not": [
              {
                "Fn::Contains": [
                  [
                    "1",
                    "2",
                    "3",
                    "4",
                    "5"
                  ],
                  {
                    "Ref": "BootstrapVersion"
                  }
                ]
              }
            ]
          },
          "AssertDescription": "CDK bootstrap stack version 6 required. Please run 'cdk bootstrap' with a recent version of the CDK CLI."
        }
      ]
    }
  }
}"
`;
