// Jest Snapshot v1, https://goo.gl/fbAQLP

exports[`JobsListPage renders correctly 1`] = `
<div>
  <div
    class=""
  >
    <h2
      class="text marginBottom-8 fontSize-3xl"
    >
      Job Postings
    </h2>
    <div
      class="listContainer"
    >
      <div
        class="infinite-scroll-component__outerdiv"
      >
        <div
          class="infinite-scroll-component "
          style="height: auto; overflow: auto;"
        >
          <div
            class="container width-full"
          >
            <div
              class="width-full marginBottom-4"
            >
              <div
                class="listItem borderBottom paddingTop-5"
              >
                <div
                  class="flexDirection-row marginBottom-5"
                >
                  <div
                    class="icon rounded bgcolor-orange-200 marginRight-5"
                  >
                    <svg
                      aria-hidden="true"
                      class="icon color-orange-800 width-6 height-6"
                      focusable="false"
                      stroke-width="2"
                      viewBox="0 0 24 24"
                    >
                      <path
                        d="M0 0h24v24H0z"
                        stroke="none"
                      />
                      <path
                        d="M3 9a2 2 0 012-2h14a2 2 0 012 2v9a2 2 0 01-2 2H5a2 2 0 01-2-2zM8 7V5a2 2 0 012-2h4a2 2 0 012 2v2M12 12v.01M3 13a20 20 0 0018 0"
                      />
                    </svg>
                  </div>
                  <div
                    class=""
                  >
                    <p
                      class="text fontSize-xl fontWeight-700"
                    >
                      Car Wash Attendant
                    </p>
                    <div
                      class="color-grey-600 flexWrap-wrap display-flex fontSize-sm"
                    >
                      <p
                        class="text"
                      >
                        Hybrid (Full-time)
                      </p>
                      <p
                        class="text"
                      >
                         • 
                        $15 - $30/hour
                      </p>
                      <p
                        class="text"
                      >
                         • 
                        0 Applicants
                      </p>
                    </div>
                    <p
                      class="text color-grey-600 paddingTop-4 paddingBottom-4"
                    >
                      Wash attendants are responsible for performing the daily operational practices of running the car wash facility.
                    </p>
                    <div
                      class="container spacing-2"
                    >
                      <div
                        class="item"
                      >
                        <div
                          class="badge borderColor-blue-200 bgcolor-blue-200 color-blue-800"
                        >
                          NO DRUGS OFFENSES
                        </div>
                      </div>
                      <div
                        class="item"
                      >
                        <div
                          class="badge borderColor-blue-200 bgcolor-blue-200 color-blue-800"
                        >
                          NO MOTOR VEHICLE OFFENSES
                        </div>
                      </div>
                      <div
                        class="item"
                      >
                        <div
                          class="badge borderColor-blue-200 bgcolor-blue-200 color-blue-800"
                        >
                          NO SEXUAL OFFENSES
                        </div>
                      </div>
                      <div
                        class="item"
                      >
                        <div
                          class="badge borderColor-blue-200 bgcolor-blue-200 color-blue-800"
                        >
                          NO VIOLENT OFFENSES
                        </div>
                      </div>
                      <div
                        class="item"
                      >
                        <div
                          class="badge borderColor-blue-200 bgcolor-blue-200 color-blue-800"
                        >
                          NO THEFT OFFENSES
                        </div>
                      </div>
                      <div
                        class="item"
                      >
                        <div
                          class="badge borderColor-blue-200 bgcolor-blue-200 color-blue-800"
                        >
                          NO WHITE - COLLAR OFFENSES
                        </div>
                      </div>
                    </div>
                  </div>
                </div>
              </div>
            </div>
          </div>
        </div>
      </div>
    </div>
  </div>
</div>
`;
